// Jest Snapshot v1, https://goo.gl/fbAQLP

exports[`Passes in the react-passing test project 1`] = `
"ðŸš€ UpLeveled Preflight
[STARTED] All changes committed to Git
[STARTED] ESLint
[STARTED] ESLint config is latest version
[STARTED] GitHub repo has deployed project link under About
[STARTED] No dependencies without types
[STARTED] No dependency problems
[STARTED] No extraneous files committed to Git
[STARTED] No secrets committed to Git
[STARTED] No unused dependencies
[STARTED] Preflight is latest version
[STARTED] Prettier
[STARTED] Project folder name matches correct format
[STARTED] Use single package manager
[STARTED] node_modules/ folder ignored in Git
[SUCCESS] All changes committed to Git
[SUCCESS] ESLint
[SUCCESS] ESLint config is latest version
[SUCCESS] GitHub repo has deployed project link under About
[SUCCESS] No dependencies without types
[SUCCESS] No dependency problems
[SUCCESS] No extraneous files committed to Git
[SUCCESS] No secrets committed to Git
[SUCCESS] No unused dependencies
[SUCCESS] Preflight is latest version
[SUCCESS] Prettier
[SUCCESS] Project folder name matches correct format
[SUCCESS] Use single package manager
[SUCCESS] node_modules/ folder ignored in Git"
`;

exports[`Passes in the react-passing test project 2`] = `""`;
